
PROGRAM "\\VBOXSVR\compartida-agatha\codewarrior\lab_integrador\hcs08\bin\Project.abs"

*********************************************************************************************
TARGET SECTION
---------------------------------------------------------------------------------------------
Processor   : Freescale HC08
Memory Model: SMALL
File Format : ELF\DWARF 2.0
Linker      : SmartLinker V-5.0.37 Build 9279, Oct  7 2009

*********************************************************************************************
FILE SECTION
---------------------------------------------------------------------------------------------
PRINTF.C.o (ansiis.lib)                 Model: SMALL,         Lang: ANSI-C
RTSHC08.C.o (ansiis.lib)                Model: SMALL,         Lang: ANSI-C
STRING.C.o (ansiis.lib)                 Model: SMALL,         Lang: ANSI-C
MC9S08JM32.C.o                          Model: SMALL,         Lang: ANSI-C
Start08.c.o                             Model: SMALL,         Lang: ANSI-C
MCUinit.c.o                             Model: SMALL,         Lang: ANSI-C
lcd.c.o                                 Model: SMALL,         Lang: ANSI-C
kbd.cpp.o                               Model: SMALL,         Lang: C++
password.c.o                            Model: SMALL,         Lang: ANSI-C
timeutils.c.o                           Model: SMALL,         Lang: ANSI-C
main.cpp.o                              Model: SMALL,         Lang: C++
music.c.o                               Model: SMALL,         Lang: ANSI-C

*********************************************************************************************
STARTUP SECTION
---------------------------------------------------------------------------------------------
Entry point: 0x807B (_Startup)
_startupData is allocated at 0x8084 and uses 6 Bytes
extern struct _tagStartup {
  unsigned nofZeroOut     1
  _Range   pZeroOut       0x100     302
  _Copy    *toCopyDownBeg 0x9279
} _startupData;

*********************************************************************************************
SECTION-ALLOCATION SECTION
Section Name                    Size  Type     From       To       Segment
---------------------------------------------------------------------------------------------
.data                            248   R/W      0x100      0x1F7   RAM
.init                            132     R     0x8000     0x8083   ROM
.startData                        18     R     0x8084     0x8095   ROM
.rodata                          116     R     0x8096     0x8109   ROM
.rodata1                          59     R     0x810A     0x8144   ROM
.text                           4404     R     0x8145     0x9278   ROM
.copy                            236     R     0x9279     0x9364   ROM
.abs_section_0                     1   N/I        0x0        0x0   .absSeg0
.abs_section_1                     1   N/I        0x1        0x1   .absSeg1
.abs_section_2                     1   N/I        0x2        0x2   .absSeg2
.abs_section_3                     1   N/I        0x3        0x3   .absSeg3
.abs_section_4                     1   N/I        0x4        0x4   .absSeg4
.abs_section_5                     1   N/I        0x5        0x5   .absSeg5
.abs_section_6                     1   N/I        0x6        0x6   .absSeg6
.abs_section_7                     1   N/I        0x7        0x7   .absSeg7
.abs_section_8                     1   N/I        0x8        0x8   .absSeg8
.abs_section_9                     1   N/I        0x9        0x9   .absSeg9
.abs_section_a                     1   N/I        0xA        0xA   .absSeg10
.abs_section_b                     1   N/I        0xB        0xB   .absSeg11
.abs_section_c                     1   N/I        0xC        0xC   .absSeg12
.abs_section_d                     1   N/I        0xD        0xD   .absSeg13
.abs_section_e                     1   N/I        0xE        0xE   .absSeg14
.abs_section_10                    1   N/I       0x10       0x10   .absSeg15
.abs_section_11                    1   N/I       0x11       0x11   .absSeg16
.abs_section_16                    1   N/I       0x16       0x16   .absSeg17
.abs_section_17                    1   N/I       0x17       0x17   .absSeg18
.abs_section_18                    1   N/I       0x18       0x18   .absSeg19
.abs_section_1b                    1   N/I       0x1B       0x1B   .absSeg20
.abs_section_1c                    1   N/I       0x1C       0x1C   .absSeg21
.abs_section_1d                    1   N/I       0x1D       0x1D   .absSeg22
.abs_section_1e                    1   N/I       0x1E       0x1E   .absSeg23
.abs_section_20                    1   N/I       0x20       0x20   .absSeg24
.abs_section_25                    1   N/I       0x25       0x25   .absSeg25
.abs_section_28                    1   N/I       0x28       0x28   .absSeg26
.abs_section_2b                    1   N/I       0x2B       0x2B   .absSeg27
.abs_section_2e                    1   N/I       0x2E       0x2E   .absSeg28
.abs_section_31                    1   N/I       0x31       0x31   .absSeg29
.abs_section_34                    1   N/I       0x34       0x34   .absSeg30
.abs_section_3a                    1   N/I       0x3A       0x3A   .absSeg31
.abs_section_3b                    1   N/I       0x3B       0x3B   .absSeg32
.abs_section_3c                    1   N/I       0x3C       0x3C   .absSeg33
.abs_section_3d                    1   N/I       0x3D       0x3D   .absSeg34
.abs_section_3e                    1   N/I       0x3E       0x3E   .absSeg35
.abs_section_3f                    1   N/I       0x3F       0x3F   .absSeg36
.abs_section_42                    1   N/I       0x42       0x42   .absSeg37
.abs_section_43                    1   N/I       0x43       0x43   .absSeg38
.abs_section_44                    1   N/I       0x44       0x44   .absSeg39
.abs_section_45                    1   N/I       0x45       0x45   .absSeg40
.abs_section_46                    1   N/I       0x46       0x46   .absSeg41
.abs_section_47                    1   N/I       0x47       0x47   .absSeg42
.abs_section_48                    1   N/I       0x48       0x48   .absSeg43
.abs_section_49                    1   N/I       0x49       0x49   .absSeg44
.abs_section_4a                    1   N/I       0x4A       0x4A   .absSeg45
.abs_section_4b                    1   N/I       0x4B       0x4B   .absSeg46
.abs_section_4c                    1   N/I       0x4C       0x4C   .absSeg47
.abs_section_50                    1   N/I       0x50       0x50   .absSeg48
.abs_section_51                    1   N/I       0x51       0x51   .absSeg49
.abs_section_52                    1   N/I       0x52       0x52   .absSeg50
.abs_section_53                    1   N/I       0x53       0x53   .absSeg51
.abs_section_58                    1   N/I       0x58       0x58   .absSeg52
.abs_section_59                    1   N/I       0x59       0x59   .absSeg53
.abs_section_5a                    1   N/I       0x5A       0x5A   .absSeg54
.abs_section_5b                    1   N/I       0x5B       0x5B   .absSeg55
.abs_section_5c                    1   N/I       0x5C       0x5C   .absSeg56
.abs_section_5d                    1   N/I       0x5D       0x5D   .absSeg57
.abs_section_60                    1   N/I       0x60       0x60   .absSeg58
.abs_section_65                    1   N/I       0x65       0x65   .absSeg59
.abs_section_68                    1   N/I       0x68       0x68   .absSeg60
.abs_section_6c                    1   N/I       0x6C       0x6C   .absSeg61
.abs_section_6d                    1   N/I       0x6D       0x6D   .absSeg62
.abs_section_6e                    1   N/I       0x6E       0x6E   .absSeg63
.abs_section_70                    1   N/I       0x70       0x70   .absSeg64
.abs_section_71                    1   N/I       0x71       0x71   .absSeg65
.abs_section_72                    1   N/I       0x72       0x72   .absSeg66
.abs_section_73                    1   N/I       0x73       0x73   .absSeg67
.abs_section_80                    1   N/I       0x80       0x80   .absSeg68
.abs_section_88                    1   N/I       0x88       0x88   .absSeg69
.abs_section_89                    1   N/I       0x89       0x89   .absSeg70
.abs_section_8a                    1   N/I       0x8A       0x8A   .absSeg71
.abs_section_90                    1   N/I       0x90       0x90   .absSeg72
.abs_section_91                    1   N/I       0x91       0x91   .absSeg73
.abs_section_92                    1   N/I       0x92       0x92   .absSeg74
.abs_section_93                    1   N/I       0x93       0x93   .absSeg75
.abs_section_94                    1   N/I       0x94       0x94   .absSeg76
.abs_section_95                    1   N/I       0x95       0x95   .absSeg77
.abs_section_96                    1   N/I       0x96       0x96   .absSeg78
.abs_section_97                    1   N/I       0x97       0x97   .absSeg79
.abs_section_98                    1   N/I       0x98       0x98   .absSeg80
.abs_section_9d                    1   N/I       0x9D       0x9D   .absSeg81
.abs_section_9e                    1   N/I       0x9E       0x9E   .absSeg82
.abs_section_9f                    1   N/I       0x9F       0x9F   .absSeg83
.abs_section_a0                    1   N/I       0xA0       0xA0   .absSeg84
.abs_section_a1                    1   N/I       0xA1       0xA1   .absSeg85
.abs_section_a2                    1   N/I       0xA2       0xA2   .absSeg86
.abs_section_a3                    1   N/I       0xA3       0xA3   .absSeg87
.abs_section_1800                  1   N/I     0x1800     0x1800   .absSeg88
.abs_section_1801                  1   N/I     0x1801     0x1801   .absSeg89
.abs_section_1802                  1   N/I     0x1802     0x1802   .absSeg90
.abs_section_1803                  1   N/I     0x1803     0x1803   .absSeg91
.abs_section_1809                  1   N/I     0x1809     0x1809   .absSeg92
.abs_section_180a                  1   N/I     0x180A     0x180A   .absSeg93
.abs_section_1816                  1   N/I     0x1816     0x1816   .absSeg94
.abs_section_1817                  1   N/I     0x1817     0x1817   .absSeg95
.abs_section_1818                  1   N/I     0x1818     0x1818   .absSeg96
.abs_section_1820                  1   N/I     0x1820     0x1820   .absSeg97
.abs_section_1821                  1   N/I     0x1821     0x1821   .absSeg98
.abs_section_1823                  1   N/I     0x1823     0x1823   .absSeg99
.abs_section_1824                  1   N/I     0x1824     0x1824   .absSeg100
.abs_section_1825                  1   N/I     0x1825     0x1825   .absSeg101
.abs_section_1826                  1   N/I     0x1826     0x1826   .absSeg102
.abs_section_1840                  1   N/I     0x1840     0x1840   .absSeg103
.abs_section_1841                  1   N/I     0x1841     0x1841   .absSeg104
.abs_section_1842                  1   N/I     0x1842     0x1842   .absSeg105
.abs_section_1844                  1   N/I     0x1844     0x1844   .absSeg106
.abs_section_1845                  1   N/I     0x1845     0x1845   .absSeg107
.abs_section_1846                  1   N/I     0x1846     0x1846   .absSeg108
.abs_section_1848                  1   N/I     0x1848     0x1848   .absSeg109
.abs_section_1849                  1   N/I     0x1849     0x1849   .absSeg110
.abs_section_184a                  1   N/I     0x184A     0x184A   .absSeg111
.abs_section_184c                  1   N/I     0x184C     0x184C   .absSeg112
.abs_section_184d                  1   N/I     0x184D     0x184D   .absSeg113
.abs_section_184e                  1   N/I     0x184E     0x184E   .absSeg114
.abs_section_1850                  1   N/I     0x1850     0x1850   .absSeg115
.abs_section_1851                  1   N/I     0x1851     0x1851   .absSeg116
.abs_section_1852                  1   N/I     0x1852     0x1852   .absSeg117
.abs_section_1854                  1   N/I     0x1854     0x1854   .absSeg118
.abs_section_1855                  1   N/I     0x1855     0x1855   .absSeg119
.abs_section_1856                  1   N/I     0x1856     0x1856   .absSeg120
.abs_section_1858                  1   N/I     0x1858     0x1858   .absSeg121
.abs_section_1859                  1   N/I     0x1859     0x1859   .absSeg122
.abs_section_185a                  1   N/I     0x185A     0x185A   .absSeg123
.abs_section_12                    2   N/I       0x12       0x13   .absSeg124
.abs_section_14                    2   N/I       0x14       0x15   .absSeg125
.abs_section_21                    2   N/I       0x21       0x22   .absSeg126
.abs_section_23                    2   N/I       0x23       0x24   .absSeg127
.abs_section_26                    2   N/I       0x26       0x27   .absSeg128
.abs_section_29                    2   N/I       0x29       0x2A   .absSeg129
.abs_section_2c                    2   N/I       0x2C       0x2D   .absSeg130
.abs_section_2f                    2   N/I       0x2F       0x30   .absSeg131
.abs_section_32                    2   N/I       0x32       0x33   .absSeg132
.abs_section_35                    2   N/I       0x35       0x36   .absSeg133
.abs_section_38                    2   N/I       0x38       0x39   .absSeg134
.abs_section_40                    2   N/I       0x40       0x41   .absSeg135
.abs_section_54                    2   N/I       0x54       0x55   .absSeg136
.abs_section_56                    2   N/I       0x56       0x57   .absSeg137
.abs_section_61                    2   N/I       0x61       0x62   .absSeg138
.abs_section_63                    2   N/I       0x63       0x64   .absSeg139
.abs_section_66                    2   N/I       0x66       0x67   .absSeg140
.abs_section_69                    2   N/I       0x69       0x6A   .absSeg141
.abs_section_74                    2   N/I       0x74       0x75   .absSeg142
.abs_section_76                    2   N/I       0x76       0x77   .absSeg143
.abs_section_1806                  2   N/I     0x1806     0x1807   .absSeg144
.abs_section_1810                  2   N/I     0x1810     0x1811   .absSeg145
.abs_section_1812                  2   N/I     0x1812     0x1813   .absSeg146
.abs_section_1814                  2   N/I     0x1814     0x1815   .absSeg147
.abs_section_ffbd                  1     R     0xFFBD     0xFFBD   .absSeg148
.abs_section_ffbf                  1     R     0xFFBF     0xFFBF   .absSeg149
.abs_section_ffc4                 60     R     0xFFC4     0xFFFF   .absSeg150
.bss                              34   R/W      0x1F8      0x219   RAM
.common                           20   R/W      0x21A      0x22D   RAM
.stack                           128   R/W      0x22E      0x2AD   RAM

Summary of section sizes per section type:
READ_ONLY (R):        13A3 (dec:     5027)
READ_WRITE (R/W):      1AE (dec:      430)
NO_INIT (N/I):          AC (dec:      172)

*********************************************************************************************
VECTOR-ALLOCATION SECTION
    Address     InitValue   InitFunction
---------------------------------------------------------------------------------------------

*********************************************************************************************
OBJECT-ALLOCATION SECTION
     Name               Module                 Addr   hSize   dSize     Ref    Section   RLIB
---------------------------------------------------------------------------------------------
MODULE:                 -- PRINTF.C.o (ansiis.lib) --
- PROCEDURES:
     vprintf                                   8145     5AA    1450      37   .text       
     _out                                      86EF       D      13       9   .text       
     deposit_char                              86FC      15      21       1   .text       
     sprintf                                   8711      3B      59       1   .text       
- VARIABLES:
     pow10                                     8096      28      40       4   .rodata     
     pow16                                     80BE      20      32       4   .rodata     
     pow8                                      80DE      2C      44       4   .rodata     
     pbuf                                       1F8       6       6      15   .bss        
MODULE:                 -- RTSHC08.C.o (ansiis.lib) --
- PROCEDURES:
     _PUSH_ARGS_L                              874C      20      32       2   .text       
     _ENTER_UNARY_L                            876C      29      41       3   .text       
     _ENTER_BINARY_L                           8795      16      22       3   .text       
     _ENTER_BINARY_L_RC                        87AB      19      25       2   .text       
     _k_is_k_plus_j_l                          87C4      1E      30       2   .text       
     _k_is_k_plus_j_i                          87E2      12      18       3   .text       
     _LSUB_k_is_k_minus_j                      87F4      1F      31       1   .text       
     _LMUL_k_is_k_mul_j                        8813      81     129       1   .text       
     _LDIVMOD                                  8894      A4     164       1   .text       
     _LDIVU_k_is_k_div_j                       8938      17      23       1   .text       
     _LCMP_k_rel_j                             894F      1F      31       2   .text       
     _IMUL_STAR08                              896E      27      39       3   .text       
     _ILSR                                     8995       C      12       1   .text       
     _ILSL                                     89A1       C      12       1   .text       
     _LINC                                     89AD      16      22       2   .text       
     _LNEG                                     89C3      1C      28       1   .text       
     _LSUB                                     89DF       6       6       5   .text       
     _LMUL                                     89E5       6       6       2   .text       
     _LDIVU_RC                                 89EB       6       6       1   .text       
     _LLSR                                     89F1      16      22       1   .text       
     _LCMP                                     8A07       6       6       8   .text       
     _LCMP_RC                                  8A0D       6       6       2   .text       
     _COPY                                     8A13      30      48       5   .text       
     _POP32                                    8A43      1A      26       7   .text       
     _SEXT16_32                                8A5D       D      13       4   .text       
     _Jump_Table_Addr                          8A6A      16      22       1   .text       
     _Jump_Table_Header_Offset                 8A80      24      36       1   .text       
     _Search_Table_8_Addr                      8AA4      21      33       1   .text       
     _Search_Table_8_Offset                    8AC5      25      37       1   .text       
- VARIABLES:
MODULE:                 -- STRING.C.o (ansiis.lib) --
- PROCEDURES:
     memcmp                                    8AEA      56      86       1   .text       
     strlen                                    8B40      27      39       1   .text       
- VARIABLES:
MODULE:                 -- MC9S08JM32.C.o --
- PROCEDURES:
- VARIABLES:
     _PTAD                                        0       1       1       3   .abs_section_0
     _PTADD                                       1       1       1       3   .abs_section_1
     _PTBD                                        2       1       1       4   .abs_section_2
     _PTBDD                                       3       1       1       1   .abs_section_3
     _PTCD                                        4       1       1       0   .abs_section_4
     _PTCDD                                       5       1       1       0   .abs_section_5
     _PTDD                                        6       1       1       6   .abs_section_6
     _PTDDD                                       7       1       1       2   .abs_section_7
     _PTED                                        8       1       1       6   .abs_section_8
     _PTEDD                                       9       1       1       4   .abs_section_9
     _PTFD                                        A       1       1       0   .abs_section_a
     _PTFDD                                       B       1       1       0   .abs_section_b
     _PTGD                                        C       1       1       0   .abs_section_c
     _PTGDD                                       D       1       1       2   .abs_section_d
     _ACMPSC                                      E       1       1       0   .abs_section_e
     _ADCSC1                                     10       1       1       0   .abs_section_10
     _ADCSC2                                     11       1       1       0   .abs_section_11
     _ADCCFG                                     16       1       1       0   .abs_section_16
     _APCTL1                                     17       1       1       0   .abs_section_17
     _APCTL2                                     18       1       1       0   .abs_section_18
     _IRQSC                                      1B       1       1       0   .abs_section_1b
     _KBISC                                      1C       1       1       0   .abs_section_1c
     _KBIPE                                      1D       1       1       0   .abs_section_1d
     _KBIES                                      1E       1       1       0   .abs_section_1e
     _TPM1SC                                     20       1       1       0   .abs_section_20
     _TPM1C0SC                                   25       1       1       0   .abs_section_25
     _TPM1C1SC                                   28       1       1       0   .abs_section_28
     _TPM1C2SC                                   2B       1       1       0   .abs_section_2b
     _TPM1C3SC                                   2E       1       1       0   .abs_section_2e
     _TPM1C4SC                                   31       1       1       0   .abs_section_31
     _TPM1C5SC                                   34       1       1       0   .abs_section_34
     _SCI1C1                                     3A       1       1       0   .abs_section_3a
     _SCI1C2                                     3B       1       1       0   .abs_section_3b
     _SCI1S1                                     3C       1       1       0   .abs_section_3c
     _SCI1S2                                     3D       1       1       0   .abs_section_3d
     _SCI1C3                                     3E       1       1       0   .abs_section_3e
     _SCI1D                                      3F       1       1       0   .abs_section_3f
     _SCI2C1                                     42       1       1       0   .abs_section_42
     _SCI2C2                                     43       1       1       0   .abs_section_43
     _SCI2S1                                     44       1       1       0   .abs_section_44
     _SCI2S2                                     45       1       1       0   .abs_section_45
     _SCI2C3                                     46       1       1       0   .abs_section_46
     _SCI2D                                      47       1       1       0   .abs_section_47
     _MCGC1                                      48       1       1       1   .abs_section_48
     _MCGC2                                      49       1       1       1   .abs_section_49
     _MCGTRM                                     4A       1       1       1   .abs_section_4a
     _MCGSC                                      4B       1       1       2   .abs_section_4b
     _MCGC3                                      4C       1       1       1   .abs_section_4c
     _SPI1C1                                     50       1       1       0   .abs_section_50
     _SPI1C2                                     51       1       1       0   .abs_section_51
     _SPI1BR                                     52       1       1       0   .abs_section_52
     _SPI1S                                      53       1       1       0   .abs_section_53
     _IICA                                       58       1       1       0   .abs_section_58
     _IICF                                       59       1       1       0   .abs_section_59
     _IICC1                                      5A       1       1       0   .abs_section_5a
     _IICS                                       5B       1       1       0   .abs_section_5b
     _IICD                                       5C       1       1       0   .abs_section_5c
     _IICC2                                      5D       1       1       0   .abs_section_5d
     _TPM2SC                                     60       1       1       0   .abs_section_60
     _TPM2C0SC                                   65       1       1       0   .abs_section_65
     _TPM2C1SC                                   68       1       1       0   .abs_section_68
     _RTCSC                                      6C       1       1       2   .abs_section_6c
     _RTCCNT                                     6D       1       1       0   .abs_section_6d
     _RTCMOD                                     6E       1       1       0   .abs_section_6e
     _SPI2C1                                     70       1       1       0   .abs_section_70
     _SPI2C2                                     71       1       1       0   .abs_section_71
     _SPI2BR                                     72       1       1       0   .abs_section_72
     _SPI2S                                      73       1       1       0   .abs_section_73
     _USBCTL0                                    80       1       1       0   .abs_section_80
     _PERID                                      88       1       1       0   .abs_section_88
     _IDCOMP                                     89       1       1       0   .abs_section_89
     _REV                                        8A       1       1       0   .abs_section_8a
     _INTSTAT                                    90       1       1       0   .abs_section_90
     _INTENB                                     91       1       1       0   .abs_section_91
     _ERRSTAT                                    92       1       1       0   .abs_section_92
     _ERRENB                                     93       1       1       0   .abs_section_93
     _STAT                                       94       1       1       0   .abs_section_94
     _CTL                                        95       1       1       0   .abs_section_95
     _ADDR                                       96       1       1       0   .abs_section_96
     _FRMNUML                                    97       1       1       0   .abs_section_97
     _FRMNUMH                                    98       1       1       0   .abs_section_98
     _EPCTL0                                     9D       1       1       0   .abs_section_9d
     _EPCTL1                                     9E       1       1       0   .abs_section_9e
     _EPCTL2                                     9F       1       1       0   .abs_section_9f
     _EPCTL3                                     A0       1       1       0   .abs_section_a0
     _EPCTL4                                     A1       1       1       0   .abs_section_a1
     _EPCTL5                                     A2       1       1       0   .abs_section_a2
     _EPCTL6                                     A3       1       1       0   .abs_section_a3
     _SRS                                      1800       1       1       3   .abs_section_1800
     _SBDFR                                    1801       1       1       0   .abs_section_1801
     _SOPT1                                    1802       1       1       1   .abs_section_1802
     _SOPT2                                    1803       1       1       1   .abs_section_1803
     _SPMSC1                                   1809       1       1       1   .abs_section_1809
     _SPMSC2                                   180A       1       1       1   .abs_section_180a
     _DBGC                                     1816       1       1       0   .abs_section_1816
     _DBGT                                     1817       1       1       0   .abs_section_1817
     _DBGS                                     1818       1       1       0   .abs_section_1818
     _FCDIV                                    1820       1       1       0   .abs_section_1820
     _FOPT                                     1821       1       1       0   .abs_section_1821
     _FCNFG                                    1823       1       1       0   .abs_section_1823
     _FPROT                                    1824       1       1       0   .abs_section_1824
     _FSTAT                                    1825       1       1       0   .abs_section_1825
     _FCMD                                     1826       1       1       0   .abs_section_1826
     _PTAPE                                    1840       1       1       0   .abs_section_1840
     _PTASE                                    1841       1       1       0   .abs_section_1841
     _PTADS                                    1842       1       1       1   .abs_section_1842
     _PTBPE                                    1844       1       1       1   .abs_section_1844
     _PTBSE                                    1845       1       1       0   .abs_section_1845
     _PTBDS                                    1846       1       1       0   .abs_section_1846
     _PTCPE                                    1848       1       1       0   .abs_section_1848
     _PTCSE                                    1849       1       1       0   .abs_section_1849
     _PTCDS                                    184A       1       1       0   .abs_section_184a
     _PTDPE                                    184C       1       1       0   .abs_section_184c
     _PTDSE                                    184D       1       1       0   .abs_section_184d
     _PTDDS                                    184E       1       1       1   .abs_section_184e
     _PTEPE                                    1850       1       1       0   .abs_section_1850
     _PTESE                                    1851       1       1       0   .abs_section_1851
     _PTEDS                                    1852       1       1       0   .abs_section_1852
     _PTFPE                                    1854       1       1       0   .abs_section_1854
     _PTFSE                                    1855       1       1       0   .abs_section_1855
     _PTFDS                                    1856       1       1       0   .abs_section_1856
     _PTGPE                                    1858       1       1       0   .abs_section_1858
     _PTGSE                                    1859       1       1       0   .abs_section_1859
     _PTGDS                                    185A       1       1       0   .abs_section_185a
     _ADCR                                       12       2       2       0   .abs_section_12
     _ADCCV                                      14       2       2       0   .abs_section_14
     _TPM1CNT                                    21       2       2       0   .abs_section_21
     _TPM1MOD                                    23       2       2       0   .abs_section_23
     _TPM1C0V                                    26       2       2       0   .abs_section_26
     _TPM1C1V                                    29       2       2       0   .abs_section_29
     _TPM1C2V                                    2C       2       2       0   .abs_section_2c
     _TPM1C3V                                    2F       2       2       0   .abs_section_2f
     _TPM1C4V                                    32       2       2       0   .abs_section_32
     _TPM1C5V                                    35       2       2       0   .abs_section_35
     _SCI1BD                                     38       2       2       0   .abs_section_38
     _SCI2BD                                     40       2       2       0   .abs_section_40
     _SPI1D16                                    54       2       2       0   .abs_section_54
     _SPI1M                                      56       2       2       0   .abs_section_56
     _TPM2CNT                                    61       2       2       0   .abs_section_61
     _TPM2MOD                                    63       2       2       0   .abs_section_63
     _TPM2C0V                                    66       2       2       0   .abs_section_66
     _TPM2C1V                                    69       2       2       0   .abs_section_69
     _SPI2D16                                    74       2       2       0   .abs_section_74
     _SPI2M                                      76       2       2       0   .abs_section_76
     _SDID                                     1806       2       2       0   .abs_section_1806
     _DBGCA                                    1810       2       2       0   .abs_section_1810
     _DBGCB                                    1812       2       2       0   .abs_section_1812
     _DBGF                                     1814       2       2       0   .abs_section_1814
MODULE:                 -- Start08.c.o --
- PROCEDURES:
     loadByte                                  8000       E      14       5   .init       
     Init                                      800E      6D     109       1   .init       
     _Startup                                  807B       9       9       1   .init       
- VARIABLES:
     _startupData                              8084       6       6       4   .startData  
- LABELS:
     __SEG_END_SSTACK                           2AE       0       0       1               
MODULE:                 -- MCUinit.c.o --
- PROCEDURES:
     MCU_init                                  8B67      59      89       1   .text       
     isrVrtc                                   8BC0       6       6       1   .text       
- VARIABLES:
     NVPROT_INIT                               FFBD       1       1       0   .abs_section_ffbd
     NVOPT_INIT                                FFBF       1       1       0   .abs_section_ffbf
     _vect                                     FFC4      3C      60       0   .abs_section_ffc4
MODULE:                 -- lcd.c.o --
- PROCEDURES:
     lcd_init_ports                            8BC6       8       8       1   .text       
     lcd_set_rs                                8BCE       D      13       3   .text       
     lcd_set_re                                8BDB       D      13       3   .text       
     flip_nibble                               8BE8      21      33       2   .text       
     lcd_send_data                             8C09      38      56       2   .text       
     lcd_command                               8C41       A      10       9   .text       
     lcd_reset                                 8C4B      29      41       1   .text       
     lcd_delay                                 8C74       6       6       3   .text       
     lcd_putchar                               8C7A       C      12       1   .text       
     lcd_printf                                8C86      2B      43       5   .text       
     lcd_clear                                 8CB1       4       4       2   .text       
     lcd_goto                                  8CB5      33      51       5   .text       
- VARIABLES:
MODULE:                 -- kbd.cpp.o --
- PROCEDURES:
     kbd_init_ports                            8CE8       B      11       1   .text       
     set_row__FUc                              8CF3       B      11       4   .text       
     column_has_pressed_key__FUc               8CFE      18      24       5   .text       
     raw_scan_keyboard__Fv                     8D16      71     113       1   .text       
     scan_keyboard                             8D87      1E      30       1   .text       
- VARIABLES:
     last_detected_key.1                        100       1       1       3   .data       
MODULE:                 -- password.c.o --
- PROCEDURES:
     password_set_key                          8DA5      6E     110       1   .text       
     password_process_key                      8E13      75     117       1   .text       
- VARIABLES:
     password_state                             1FE      14      20      23   .bss        
MODULE:                 -- timeutils.c.o --
- PROCEDURES:
     delay                                     8E88      4C      76       3   .text       
     tick                                      8ED4       C      12       1   .text       
     get_current_time                          8EE0       B      11       3   .text       
- VARIABLES:
     __now                                      212       4       4       5   .bss        
MODULE:                 -- main.cpp.o --
- PROCEDURES:
     setup__Fv                                 8EEB      25      37       1   .text       
     print_banner__Fv                          8F10      1E      30       2   .text       
     loop__Fv                                  8F2E      BA     186       2   .text       
     start_alarm__Fv                           8FE8       9       9       1   .text       
     alarm__Fv                                 8FF1      3B      59       1   .text       
     open_lock__Fv                             902C       9       9       1   .text       
     main                                      9035      14      20       1   .text       
- VARIABLES:
     STRING.1234.1                             810A       5       5       1   .rodata1    
     STRING.Ingrese.clave..2                   810F       F      15       1   .rodata1    
     STRING...3                                811E       2       2       1   .rodata1    
     STRING.Acceso.OK.4                        8120       A      10       1   .rodata1    
     STRING.Error..........5                   812A       F      15       1   .rodata1    
     STRING..i.intentos.6                      8139       C      12       1   .rodata1    
     edvard_grieg_hall_of_mountain_king_notes        101      D8     216       1   .data       
     edvard_grieg_hall_of_mountain_king         1D9       6       6       1   .data       
     try_count                                  216       2       2       5   .bss        
     lock_state                                 218       2       2       3   .bss        
     last_alarm_toggle                          21A       4       4       4   .common     
     buf                                        21E      10      16       2   .common     
MODULE:                 -- music.c.o --
- PROCEDURES:
     music_init_ports                          9049       6       6       1   .text       
     toggle_speaker                            904F       3       3       1   .text       
     turn_off_speaker                          9052       3       3       2   .text       
     music_play                                9055      16      22       1   .text       
     music_stop                                906B       C      12       3   .text       
     music_set_song                            9077       F      15       1   .text       
     music_tick                                9086     172     370       8   .text       
     scale_note_duration                       91F8      81     129       1   .text       
- VARIABLES:
     play_state                                 1DF      19      25      30   .data       

*********************************************************************************************
MODULE STATISTIC
  Name                                      Data   Code  Const
---------------------------------------------------------------------------------------------
  PRINTF.C.o (ansiis.lib)                      6   1543    116
  RTSHC08.C.o (ansiis.lib)                     0    926      0
  STRING.C.o (ansiis.lib)                      0    125      0
  MC9S08JM32.C.o                             172      0      0
  Start08.c.o                                  0    132      0
  MCUinit.c.o                                  0     95     62
  lcd.c.o                                      0    290      0
  kbd.cpp.o                                    1    189      0
  password.c.o                                20    227      0
  timeutils.c.o                                4     99      0
  main.cpp.o                                 246    350     59
  music.c.o                                   25    560      0
  other                                      128     18    236

*********************************************************************************************
SECTION USE IN OBJECT-ALLOCATION SECTION
---------------------------------------------------------------------------------------------
SECTION: ".text"
  vprintf _out deposit_char sprintf _PUSH_ARGS_L _ENTER_UNARY_L 
  _ENTER_BINARY_L _ENTER_BINARY_L_RC _k_is_k_plus_j_l _k_is_k_plus_j_i 
  _LSUB_k_is_k_minus_j _LMUL_k_is_k_mul_j _LDIVMOD _LDIVU_k_is_k_div_j 
  _LCMP_k_rel_j _IMUL_STAR08 _ILSR _ILSL _LINC _LNEG _LSUB _LMUL _LDIVU_RC 
  _LLSR _LCMP _LCMP_RC _COPY _POP32 _SEXT16_32 _Jump_Table_Addr 
  _Jump_Table_Header_Offset _Search_Table_8_Addr _Search_Table_8_Offset memcmp 
  strlen MCU_init isrVrtc lcd_init_ports lcd_set_rs lcd_set_re flip_nibble 
  lcd_send_data lcd_command lcd_reset lcd_delay lcd_putchar lcd_printf 
  lcd_clear lcd_goto kbd_init_ports set_row__FUc column_has_pressed_key__FUc 
  raw_scan_keyboard__Fv scan_keyboard password_set_key password_process_key 
  delay tick get_current_time setup__Fv print_banner__Fv loop__Fv 
  start_alarm__Fv alarm__Fv open_lock__Fv main music_init_ports toggle_speaker 
  turn_off_speaker music_play music_stop music_set_song music_tick 
  scale_note_duration 
SECTION: ".data"
  last_detected_key.1 edvard_grieg_hall_of_mountain_king_notes 
  edvard_grieg_hall_of_mountain_king play_state 
SECTION: ".bss"
  pbuf password_state __now try_count lock_state 
SECTION: ".init"
  loadByte Init _Startup 
SECTION: ".rodata"
  pow10 pow16 pow8 
SECTION: ".rodata1"
  STRING.1234.1 STRING.Ingrese.clave..2 STRING...3 STRING.Acceso.OK.4 
  STRING.Error..........5 STRING..i.intentos.6 
SECTION: ".common"
  last_alarm_toggle buf 
SECTION: ".abs_section_0"
  _PTAD 
SECTION: ".abs_section_1"
  _PTADD 
SECTION: ".abs_section_2"
  _PTBD 
SECTION: ".abs_section_3"
  _PTBDD 
SECTION: ".abs_section_4"
  _PTCD 
SECTION: ".abs_section_5"
  _PTCDD 
SECTION: ".abs_section_6"
  _PTDD 
SECTION: ".abs_section_7"
  _PTDDD 
SECTION: ".abs_section_8"
  _PTED 
SECTION: ".abs_section_9"
  _PTEDD 
SECTION: ".abs_section_a"
  _PTFD 
SECTION: ".abs_section_b"
  _PTFDD 
SECTION: ".abs_section_c"
  _PTGD 
SECTION: ".abs_section_d"
  _PTGDD 
SECTION: ".abs_section_e"
  _ACMPSC 
SECTION: ".abs_section_10"
  _ADCSC1 
SECTION: ".abs_section_11"
  _ADCSC2 
SECTION: ".abs_section_16"
  _ADCCFG 
SECTION: ".abs_section_17"
  _APCTL1 
SECTION: ".abs_section_18"
  _APCTL2 
SECTION: ".abs_section_1b"
  _IRQSC 
SECTION: ".abs_section_1c"
  _KBISC 
SECTION: ".abs_section_1d"
  _KBIPE 
SECTION: ".abs_section_1e"
  _KBIES 
SECTION: ".abs_section_20"
  _TPM1SC 
SECTION: ".abs_section_25"
  _TPM1C0SC 
SECTION: ".abs_section_28"
  _TPM1C1SC 
SECTION: ".abs_section_2b"
  _TPM1C2SC 
SECTION: ".abs_section_2e"
  _TPM1C3SC 
SECTION: ".abs_section_31"
  _TPM1C4SC 
SECTION: ".abs_section_34"
  _TPM1C5SC 
SECTION: ".abs_section_3a"
  _SCI1C1 
SECTION: ".abs_section_3b"
  _SCI1C2 
SECTION: ".abs_section_3c"
  _SCI1S1 
SECTION: ".abs_section_3d"
  _SCI1S2 
SECTION: ".abs_section_3e"
  _SCI1C3 
SECTION: ".abs_section_3f"
  _SCI1D 
SECTION: ".abs_section_42"
  _SCI2C1 
SECTION: ".abs_section_43"
  _SCI2C2 
SECTION: ".abs_section_44"
  _SCI2S1 
SECTION: ".abs_section_45"
  _SCI2S2 
SECTION: ".abs_section_46"
  _SCI2C3 
SECTION: ".abs_section_47"
  _SCI2D 
SECTION: ".abs_section_48"
  _MCGC1 
SECTION: ".abs_section_49"
  _MCGC2 
SECTION: ".abs_section_4a"
  _MCGTRM 
SECTION: ".abs_section_4b"
  _MCGSC 
SECTION: ".abs_section_4c"
  _MCGC3 
SECTION: ".abs_section_50"
  _SPI1C1 
SECTION: ".abs_section_51"
  _SPI1C2 
SECTION: ".abs_section_52"
  _SPI1BR 
SECTION: ".abs_section_53"
  _SPI1S 
SECTION: ".abs_section_58"
  _IICA 
SECTION: ".abs_section_59"
  _IICF 
SECTION: ".abs_section_5a"
  _IICC1 
SECTION: ".abs_section_5b"
  _IICS 
SECTION: ".abs_section_5c"
  _IICD 
SECTION: ".abs_section_5d"
  _IICC2 
SECTION: ".abs_section_60"
  _TPM2SC 
SECTION: ".abs_section_65"
  _TPM2C0SC 
SECTION: ".abs_section_68"
  _TPM2C1SC 
SECTION: ".abs_section_6c"
  _RTCSC 
SECTION: ".abs_section_6d"
  _RTCCNT 
SECTION: ".abs_section_6e"
  _RTCMOD 
SECTION: ".abs_section_70"
  _SPI2C1 
SECTION: ".abs_section_71"
  _SPI2C2 
SECTION: ".abs_section_72"
  _SPI2BR 
SECTION: ".abs_section_73"
  _SPI2S 
SECTION: ".abs_section_80"
  _USBCTL0 
SECTION: ".abs_section_88"
  _PERID 
SECTION: ".abs_section_89"
  _IDCOMP 
SECTION: ".abs_section_8a"
  _REV 
SECTION: ".abs_section_90"
  _INTSTAT 
SECTION: ".abs_section_91"
  _INTENB 
SECTION: ".abs_section_92"
  _ERRSTAT 
SECTION: ".abs_section_93"
  _ERRENB 
SECTION: ".abs_section_94"
  _STAT 
SECTION: ".abs_section_95"
  _CTL 
SECTION: ".abs_section_96"
  _ADDR 
SECTION: ".abs_section_97"
  _FRMNUML 
SECTION: ".abs_section_98"
  _FRMNUMH 
SECTION: ".abs_section_9d"
  _EPCTL0 
SECTION: ".abs_section_9e"
  _EPCTL1 
SECTION: ".abs_section_9f"
  _EPCTL2 
SECTION: ".abs_section_a0"
  _EPCTL3 
SECTION: ".abs_section_a1"
  _EPCTL4 
SECTION: ".abs_section_a2"
  _EPCTL5 
SECTION: ".abs_section_a3"
  _EPCTL6 
SECTION: ".abs_section_1800"
  _SRS 
SECTION: ".abs_section_1801"
  _SBDFR 
SECTION: ".abs_section_1802"
  _SOPT1 
SECTION: ".abs_section_1803"
  _SOPT2 
SECTION: ".abs_section_1809"
  _SPMSC1 
SECTION: ".abs_section_180a"
  _SPMSC2 
SECTION: ".abs_section_1816"
  _DBGC 
SECTION: ".abs_section_1817"
  _DBGT 
SECTION: ".abs_section_1818"
  _DBGS 
SECTION: ".abs_section_1820"
  _FCDIV 
SECTION: ".abs_section_1821"
  _FOPT 
SECTION: ".abs_section_1823"
  _FCNFG 
SECTION: ".abs_section_1824"
  _FPROT 
SECTION: ".abs_section_1825"
  _FSTAT 
SECTION: ".abs_section_1826"
  _FCMD 
SECTION: ".abs_section_1840"
  _PTAPE 
SECTION: ".abs_section_1841"
  _PTASE 
SECTION: ".abs_section_1842"
  _PTADS 
SECTION: ".abs_section_1844"
  _PTBPE 
SECTION: ".abs_section_1845"
  _PTBSE 
SECTION: ".abs_section_1846"
  _PTBDS 
SECTION: ".abs_section_1848"
  _PTCPE 
SECTION: ".abs_section_1849"
  _PTCSE 
SECTION: ".abs_section_184a"
  _PTCDS 
SECTION: ".abs_section_184c"
  _PTDPE 
SECTION: ".abs_section_184d"
  _PTDSE 
SECTION: ".abs_section_184e"
  _PTDDS 
SECTION: ".abs_section_1850"
  _PTEPE 
SECTION: ".abs_section_1851"
  _PTESE 
SECTION: ".abs_section_1852"
  _PTEDS 
SECTION: ".abs_section_1854"
  _PTFPE 
SECTION: ".abs_section_1855"
  _PTFSE 
SECTION: ".abs_section_1856"
  _PTFDS 
SECTION: ".abs_section_1858"
  _PTGPE 
SECTION: ".abs_section_1859"
  _PTGSE 
SECTION: ".abs_section_185a"
  _PTGDS 
SECTION: ".abs_section_12"
  _ADCR 
SECTION: ".abs_section_14"
  _ADCCV 
SECTION: ".abs_section_21"
  _TPM1CNT 
SECTION: ".abs_section_23"
  _TPM1MOD 
SECTION: ".abs_section_26"
  _TPM1C0V 
SECTION: ".abs_section_29"
  _TPM1C1V 
SECTION: ".abs_section_2c"
  _TPM1C2V 
SECTION: ".abs_section_2f"
  _TPM1C3V 
SECTION: ".abs_section_32"
  _TPM1C4V 
SECTION: ".abs_section_35"
  _TPM1C5V 
SECTION: ".abs_section_38"
  _SCI1BD 
SECTION: ".abs_section_40"
  _SCI2BD 
SECTION: ".abs_section_54"
  _SPI1D16 
SECTION: ".abs_section_56"
  _SPI1M 
SECTION: ".abs_section_61"
  _TPM2CNT 
SECTION: ".abs_section_63"
  _TPM2MOD 
SECTION: ".abs_section_66"
  _TPM2C0V 
SECTION: ".abs_section_69"
  _TPM2C1V 
SECTION: ".abs_section_74"
  _SPI2D16 
SECTION: ".abs_section_76"
  _SPI2M 
SECTION: ".abs_section_1806"
  _SDID 
SECTION: ".abs_section_1810"
  _DBGCA 
SECTION: ".abs_section_1812"
  _DBGCB 
SECTION: ".abs_section_1814"
  _DBGF 
SECTION: ".abs_section_ffbd"
  NVPROT_INIT 
SECTION: ".abs_section_ffbf"
  NVOPT_INIT 
SECTION: ".abs_section_ffc4"
  _vect 

*********************************************************************************************
OBJECT LIST SORTED BY ADDRESS
     Name                                      Addr   hSize   dSize     Ref    Section   RLIB
---------------------------------------------------------------------------------------------
     _PTAD                                        0       1       1       3   .abs_section_0
     _PTADD                                       1       1       1       3   .abs_section_1
     _PTBD                                        2       1       1       4   .abs_section_2
     _PTBDD                                       3       1       1       1   .abs_section_3
     _PTCD                                        4       1       1       0   .abs_section_4
     _PTCDD                                       5       1       1       0   .abs_section_5
     _PTDD                                        6       1       1       6   .abs_section_6
     _PTDDD                                       7       1       1       2   .abs_section_7
     _PTED                                        8       1       1       6   .abs_section_8
     _PTEDD                                       9       1       1       4   .abs_section_9
     _PTFD                                        A       1       1       0   .abs_section_a
     _PTFDD                                       B       1       1       0   .abs_section_b
     _PTGD                                        C       1       1       0   .abs_section_c
     _PTGDD                                       D       1       1       2   .abs_section_d
     _ACMPSC                                      E       1       1       0   .abs_section_e
     _ADCSC1                                     10       1       1       0   .abs_section_10
     _ADCSC2                                     11       1       1       0   .abs_section_11
     _ADCR                                       12       2       2       0   .abs_section_12
     _ADCCV                                      14       2       2       0   .abs_section_14
     _ADCCFG                                     16       1       1       0   .abs_section_16
     _APCTL1                                     17       1       1       0   .abs_section_17
     _APCTL2                                     18       1       1       0   .abs_section_18
     _IRQSC                                      1B       1       1       0   .abs_section_1b
     _KBISC                                      1C       1       1       0   .abs_section_1c
     _KBIPE                                      1D       1       1       0   .abs_section_1d
     _KBIES                                      1E       1       1       0   .abs_section_1e
     _TPM1SC                                     20       1       1       0   .abs_section_20
     _TPM1CNT                                    21       2       2       0   .abs_section_21
     _TPM1MOD                                    23       2       2       0   .abs_section_23
     _TPM1C0SC                                   25       1       1       0   .abs_section_25
     _TPM1C0V                                    26       2       2       0   .abs_section_26
     _TPM1C1SC                                   28       1       1       0   .abs_section_28
     _TPM1C1V                                    29       2       2       0   .abs_section_29
     _TPM1C2SC                                   2B       1       1       0   .abs_section_2b
     _TPM1C2V                                    2C       2       2       0   .abs_section_2c
     _TPM1C3SC                                   2E       1       1       0   .abs_section_2e
     _TPM1C3V                                    2F       2       2       0   .abs_section_2f
     _TPM1C4SC                                   31       1       1       0   .abs_section_31
     _TPM1C4V                                    32       2       2       0   .abs_section_32
     _TPM1C5SC                                   34       1       1       0   .abs_section_34
     _TPM1C5V                                    35       2       2       0   .abs_section_35
     _SCI1BD                                     38       2       2       0   .abs_section_38
     _SCI1C1                                     3A       1       1       0   .abs_section_3a
     _SCI1C2                                     3B       1       1       0   .abs_section_3b
     _SCI1S1                                     3C       1       1       0   .abs_section_3c
     _SCI1S2                                     3D       1       1       0   .abs_section_3d
     _SCI1C3                                     3E       1       1       0   .abs_section_3e
     _SCI1D                                      3F       1       1       0   .abs_section_3f
     _SCI2BD                                     40       2       2       0   .abs_section_40
     _SCI2C1                                     42       1       1       0   .abs_section_42
     _SCI2C2                                     43       1       1       0   .abs_section_43
     _SCI2S1                                     44       1       1       0   .abs_section_44
     _SCI2S2                                     45       1       1       0   .abs_section_45
     _SCI2C3                                     46       1       1       0   .abs_section_46
     _SCI2D                                      47       1       1       0   .abs_section_47
     _MCGC1                                      48       1       1       1   .abs_section_48
     _MCGC2                                      49       1       1       1   .abs_section_49
     _MCGTRM                                     4A       1       1       1   .abs_section_4a
     _MCGSC                                      4B       1       1       2   .abs_section_4b
     _MCGC3                                      4C       1       1       1   .abs_section_4c
     _SPI1C1                                     50       1       1       0   .abs_section_50
     _SPI1C2                                     51       1       1       0   .abs_section_51
     _SPI1BR                                     52       1       1       0   .abs_section_52
     _SPI1S                                      53       1       1       0   .abs_section_53
     _SPI1D16                                    54       2       2       0   .abs_section_54
     _SPI1M                                      56       2       2       0   .abs_section_56
     _IICA                                       58       1       1       0   .abs_section_58
     _IICF                                       59       1       1       0   .abs_section_59
     _IICC1                                      5A       1       1       0   .abs_section_5a
     _IICS                                       5B       1       1       0   .abs_section_5b
     _IICD                                       5C       1       1       0   .abs_section_5c
     _IICC2                                      5D       1       1       0   .abs_section_5d
     _TPM2SC                                     60       1       1       0   .abs_section_60
     _TPM2CNT                                    61       2       2       0   .abs_section_61
     _TPM2MOD                                    63       2       2       0   .abs_section_63
     _TPM2C0SC                                   65       1       1       0   .abs_section_65
     _TPM2C0V                                    66       2       2       0   .abs_section_66
     _TPM2C1SC                                   68       1       1       0   .abs_section_68
     _TPM2C1V                                    69       2       2       0   .abs_section_69
     _RTCSC                                      6C       1       1       2   .abs_section_6c
     _RTCCNT                                     6D       1       1       0   .abs_section_6d
     _RTCMOD                                     6E       1       1       0   .abs_section_6e
     _SPI2C1                                     70       1       1       0   .abs_section_70
     _SPI2C2                                     71       1       1       0   .abs_section_71
     _SPI2BR                                     72       1       1       0   .abs_section_72
     _SPI2S                                      73       1       1       0   .abs_section_73
     _SPI2D16                                    74       2       2       0   .abs_section_74
     _SPI2M                                      76       2       2       0   .abs_section_76
     _USBCTL0                                    80       1       1       0   .abs_section_80
     _PERID                                      88       1       1       0   .abs_section_88
     _IDCOMP                                     89       1       1       0   .abs_section_89
     _REV                                        8A       1       1       0   .abs_section_8a
     _INTSTAT                                    90       1       1       0   .abs_section_90
     _INTENB                                     91       1       1       0   .abs_section_91
     _ERRSTAT                                    92       1       1       0   .abs_section_92
     _ERRENB                                     93       1       1       0   .abs_section_93
     _STAT                                       94       1       1       0   .abs_section_94
     _CTL                                        95       1       1       0   .abs_section_95
     _ADDR                                       96       1       1       0   .abs_section_96
     _FRMNUML                                    97       1       1       0   .abs_section_97
     _FRMNUMH                                    98       1       1       0   .abs_section_98
     _EPCTL0                                     9D       1       1       0   .abs_section_9d
     _EPCTL1                                     9E       1       1       0   .abs_section_9e
     _EPCTL2                                     9F       1       1       0   .abs_section_9f
     _EPCTL3                                     A0       1       1       0   .abs_section_a0
     _EPCTL4                                     A1       1       1       0   .abs_section_a1
     _EPCTL5                                     A2       1       1       0   .abs_section_a2
     _EPCTL6                                     A3       1       1       0   .abs_section_a3
     last_detected_key.1                        100       1       1       3   .data       
     edvard_grieg_hall_of_mountain_king_notes        101      D8     216       1   .data       
     edvard_grieg_hall_of_mountain_king         1D9       6       6       1   .data       
     play_state                                 1DF      19      25      30   .data       
     pbuf                                       1F8       6       6      15   .bss        
     password_state                             1FE      14      20      23   .bss        
     __now                                      212       4       4       5   .bss        
     try_count                                  216       2       2       5   .bss        
     lock_state                                 218       2       2       3   .bss        
     last_alarm_toggle                          21A       4       4       4   .common     
     buf                                        21E      10      16       2   .common     
     _SRS                                      1800       1       1       3   .abs_section_1800
     _SBDFR                                    1801       1       1       0   .abs_section_1801
     _SOPT1                                    1802       1       1       1   .abs_section_1802
     _SOPT2                                    1803       1       1       1   .abs_section_1803
     _SDID                                     1806       2       2       0   .abs_section_1806
     _SPMSC1                                   1809       1       1       1   .abs_section_1809
     _SPMSC2                                   180A       1       1       1   .abs_section_180a
     _DBGCA                                    1810       2       2       0   .abs_section_1810
     _DBGCB                                    1812       2       2       0   .abs_section_1812
     _DBGF                                     1814       2       2       0   .abs_section_1814
     _DBGC                                     1816       1       1       0   .abs_section_1816
     _DBGT                                     1817       1       1       0   .abs_section_1817
     _DBGS                                     1818       1       1       0   .abs_section_1818
     _FCDIV                                    1820       1       1       0   .abs_section_1820
     _FOPT                                     1821       1       1       0   .abs_section_1821
     _FCNFG                                    1823       1       1       0   .abs_section_1823
     _FPROT                                    1824       1       1       0   .abs_section_1824
     _FSTAT                                    1825       1       1       0   .abs_section_1825
     _FCMD                                     1826       1       1       0   .abs_section_1826
     _PTAPE                                    1840       1       1       0   .abs_section_1840
     _PTASE                                    1841       1       1       0   .abs_section_1841
     _PTADS                                    1842       1       1       1   .abs_section_1842
     _PTBPE                                    1844       1       1       1   .abs_section_1844
     _PTBSE                                    1845       1       1       0   .abs_section_1845
     _PTBDS                                    1846       1       1       0   .abs_section_1846
     _PTCPE                                    1848       1       1       0   .abs_section_1848
     _PTCSE                                    1849       1       1       0   .abs_section_1849
     _PTCDS                                    184A       1       1       0   .abs_section_184a
     _PTDPE                                    184C       1       1       0   .abs_section_184c
     _PTDSE                                    184D       1       1       0   .abs_section_184d
     _PTDDS                                    184E       1       1       1   .abs_section_184e
     _PTEPE                                    1850       1       1       0   .abs_section_1850
     _PTESE                                    1851       1       1       0   .abs_section_1851
     _PTEDS                                    1852       1       1       0   .abs_section_1852
     _PTFPE                                    1854       1       1       0   .abs_section_1854
     _PTFSE                                    1855       1       1       0   .abs_section_1855
     _PTFDS                                    1856       1       1       0   .abs_section_1856
     _PTGPE                                    1858       1       1       0   .abs_section_1858
     _PTGSE                                    1859       1       1       0   .abs_section_1859
     _PTGDS                                    185A       1       1       0   .abs_section_185a
     loadByte                                  8000       E      14       5   .init       
     Init                                      800E      6D     109       1   .init       
     _Startup                                  807B       9       9       1   .init       
     pow10                                     8096      28      40       4   .rodata     
     pow16                                     80BE      20      32       4   .rodata     
     pow8                                      80DE      2C      44       4   .rodata     
     STRING.1234.1                             810A       5       5       1   .rodata1    
     STRING.Ingrese.clave..2                   810F       F      15       1   .rodata1    
     STRING...3                                811E       2       2       1   .rodata1    
     STRING.Acceso.OK.4                        8120       A      10       1   .rodata1    
     STRING.Error..........5                   812A       F      15       1   .rodata1    
     STRING..i.intentos.6                      8139       C      12       1   .rodata1    
     vprintf                                   8145     5AA    1450      37   .text       
     _out                                      86EF       D      13       9   .text       
     deposit_char                              86FC      15      21       1   .text       
     sprintf                                   8711      3B      59       1   .text       
     _PUSH_ARGS_L                              874C      20      32       2   .text       
     _ENTER_UNARY_L                            876C      29      41       3   .text       
     _ENTER_BINARY_L                           8795      16      22       3   .text       
     _ENTER_BINARY_L_RC                        87AB      19      25       2   .text       
     _k_is_k_plus_j_l                          87C4      1E      30       2   .text       
     _k_is_k_plus_j_i                          87E2      12      18       3   .text       
     _LSUB_k_is_k_minus_j                      87F4      1F      31       1   .text       
     _LMUL_k_is_k_mul_j                        8813      81     129       1   .text       
     _LDIVMOD                                  8894      A4     164       1   .text       
     _LDIVU_k_is_k_div_j                       8938      17      23       1   .text       
     _LCMP_k_rel_j                             894F      1F      31       2   .text       
     _IMUL_STAR08                              896E      27      39       3   .text       
     _ILSR                                     8995       C      12       1   .text       
     _ILSL                                     89A1       C      12       1   .text       
     _LINC                                     89AD      16      22       2   .text       
     _LNEG                                     89C3      1C      28       1   .text       
     _LSUB                                     89DF       6       6       5   .text       
     _LMUL                                     89E5       6       6       2   .text       
     _LDIVU_RC                                 89EB       6       6       1   .text       
     _LLSR                                     89F1      16      22       1   .text       
     _LCMP                                     8A07       6       6       8   .text       
     _LCMP_RC                                  8A0D       6       6       2   .text       
     _COPY                                     8A13      30      48       5   .text       
     _POP32                                    8A43      1A      26       7   .text       
     _SEXT16_32                                8A5D       D      13       4   .text       
     _Jump_Table_Addr                          8A6A      16      22       1   .text       
     _Jump_Table_Header_Offset                 8A80      24      36       1   .text       
     _Search_Table_8_Addr                      8AA4      21      33       1   .text       
     _Search_Table_8_Offset                    8AC5      25      37       1   .text       
     memcmp                                    8AEA      56      86       1   .text       
     strlen                                    8B40      27      39       1   .text       
     MCU_init                                  8B67      59      89       1   .text       
     isrVrtc                                   8BC0       6       6       1   .text       
     lcd_init_ports                            8BC6       8       8       1   .text       
     lcd_set_rs                                8BCE       D      13       3   .text       
     lcd_set_re                                8BDB       D      13       3   .text       
     flip_nibble                               8BE8      21      33       2   .text       
     lcd_send_data                             8C09      38      56       2   .text       
     lcd_command                               8C41       A      10       9   .text       
     lcd_reset                                 8C4B      29      41       1   .text       
     lcd_delay                                 8C74       6       6       3   .text       
     lcd_putchar                               8C7A       C      12       1   .text       
     lcd_printf                                8C86      2B      43       5   .text       
     lcd_clear                                 8CB1       4       4       2   .text       
     lcd_goto                                  8CB5      33      51       5   .text       
     kbd_init_ports                            8CE8       B      11       1   .text       
     set_row__FUc                              8CF3       B      11       4   .text       
     column_has_pressed_key__FUc               8CFE      18      24       5   .text       
     raw_scan_keyboard__Fv                     8D16      71     113       1   .text       
     scan_keyboard                             8D87      1E      30       1   .text       
     password_set_key                          8DA5      6E     110       1   .text       
     password_process_key                      8E13      75     117       1   .text       
     delay                                     8E88      4C      76       3   .text       
     tick                                      8ED4       C      12       1   .text       
     get_current_time                          8EE0       B      11       3   .text       
     setup__Fv                                 8EEB      25      37       1   .text       
     print_banner__Fv                          8F10      1E      30       2   .text       
     loop__Fv                                  8F2E      BA     186       2   .text       
     start_alarm__Fv                           8FE8       9       9       1   .text       
     alarm__Fv                                 8FF1      3B      59       1   .text       
     open_lock__Fv                             902C       9       9       1   .text       
     main                                      9035      14      20       1   .text       
     music_init_ports                          9049       6       6       1   .text       
     toggle_speaker                            904F       3       3       1   .text       
     turn_off_speaker                          9052       3       3       2   .text       
     music_play                                9055      16      22       1   .text       
     music_stop                                906B       C      12       3   .text       
     music_set_song                            9077       F      15       1   .text       
     music_tick                                9086     172     370       8   .text       
     scale_note_duration                       91F8      81     129       1   .text       
     NVPROT_INIT                               FFBD       1       1       0   .abs_section_ffbd
     NVOPT_INIT                                FFBF       1       1       0   .abs_section_ffbf
     _vect                                     FFC4      3C      60       0   .abs_section_ffc4

*********************************************************************************************
UNUSED-OBJECTS SECTION
---------------------------------------------------------------------------------------------
NOT USED PROCEDURES
PRINTF.C.o (ansiis.lib):
  set_printf vsprintf 
RTSHC08.C.o (ansiis.lib):
  _PUSH_ARGS_D _ENTER_UNARY_L64 _ENTER_UNARY_L64_4 _ENTER_BINARY_L_LC 
  _ENTER_BINARY_L64 _ENTER_BINARY_L64_LC _ENTER_BINARY_L64_RC _IDIVMOD 
  _SPLITSIGN _LADD_k_is_k_plus_j _LAND_k_is_k_and_j _LOR_k_is_k_or_j 
  _LXOR_k_is_k_xor_j _NEG_L_HX _ABS_L_HX _SPLITSIGN_L _LMODU_k_is_k_mod_j 
  _LMODS_k_is_k_mod_j _LDIVS_k_is_k_div_j _CMP24_k_rel_j _BMULS _BDIVS _BMODS 
  _IDIVS_STAR08 _IDIVU_STAR08 _IMODS_STAR08 _IMODU_STAR08 _IDIVU_8 _IMODU_8 
  _IASR _ICMP _LDEC _LNOT _LADD _LADD_RC _LSUB_LC _LSUB_RC _LAND _LAND_RC _LOR 
  _LOR_RC _LXOR _LXOR_RC _LMUL_RC _LDIVS _LDIVS_LC _LDIVS_RC _LDIVU _LDIVU_LC 
  _LMODS _LMODS_LC _LMODS_RC _LMODU _LMODU_LC _LMODU_RC _LASR _LLSL 
  _PUSH_ARGS_24 _ENTER_BINARY_24_RC _ENTER_BINARY_24 _CMP24 _CMP24_RC _COPY_L 
  _POP64 _STORE32 _STORE64 _SEXT8_32 _CALL_STAR08 _CALL_STAR08_FAR 
  _Jump_Table_Offset _Jump_Table_Header_Addr _Search_Table_16_Addr 
  _Search_Table_16_Offset _PUSH_CC _POP_CC _CONV_FAR_TO_NEAR 
  _CONV_FAR_TO_LINEAR _CONV_LINEAR_TO_FAR 
STRING.C.o (ansiis.lib):
  strerror memchr memcpy2 memcpy _memcpy_8bitCount memmove memset 
  _memset_clear_8bitCount strset strcat strncat strcpy strncpy strcmp strncmp 
  strchr strrchr strspn strcspn strpbrk strstr strtok strcoll strxfrm 
music.c.o:
  music_set_mode music_is_playing 
NOT USED VARIABLES
RTSHC08.C.o (ansiis.lib):
  _PowOfTwo_8 _PowOfTwo_16 _PowOfTwo_32 errno 
STRING.C.o (ansiis.lib):
  STRING..1 next.2 

*********************************************************************************************
COPYDOWN SECTION
---------------------------------------------------------------------------------------------
------- ROM-ADDRESS: 0x9279 ---- SIZE       4 ---
Filling bytes inserted
 00E10100
------- ROM-ADDRESS: 0x927D ---- RAM-ADDRESS: 0x100 ---- SIZE       1 ---
Name of initialized Object : last_detected_key.1
 FF
------- ROM-ADDRESS: 0x927E ---- SIZE       3 ---
Filling bytes inserted
 000000
------- ROM-ADDRESS: 0x9281 ---- RAM-ADDRESS: 0x104 ---- SIZE     205 ---
Name of initialized Object : edvard_grieg_hall_of_mountain_king_notes:3
 3700001770 0000003100 0017700000
 002E000017 7000000029 0000177000
 0000250000 1770000000 2E00001770
 0000002500 002EE00000 0027000017
 7000000031 0000177000 0000270000
 2EE0000000 2900001770 0000003400
 0017700000 002900002E E000000037
 0000177000 0000310000 1770000000
 2E00001770 0000002900 0017700000
 0025000017 700000002E 0000177000
 0000250000 1770000000 1C00001770
 0000001F00 0017700000 0025000017
 700000002E 0000177000 0000250000
 1770000000 1F00005DC0
------- ROM-ADDRESS: 0x934E ---- SIZE       6 ---
Filling bytes inserted
 0000000000 00
------- ROM-ADDRESS: 0x9354 ---- RAM-ADDRESS: 0x1D7 ---- SIZE       2 ---
Name of initialized Object : edvard_grieg_hall_of_mountain_king_notes:214
 BB80
------- ROM-ADDRESS: 0x9356 ---- SIZE       3 ---
Filling bytes inserted
 000000
------- ROM-ADDRESS: 0x9359 ---- RAM-ADDRESS: 0x1DC ---- SIZE       3 ---
Name of initialized Object : edvard_grieg_hall_of_mountain_king:3
 1B0101
------- ROM-ADDRESS: 0x935C ---- RAM-ADDRESS: 0x1DF ---- SIZE       2 ---
Name of initialized Object : play_state
 FFFF
------- ROM-ADDRESS: 0x935E ---- SIZE       4 ---
Filling bytes inserted
 000101F1
------- ROM-ADDRESS: 0x9362 ---- RAM-ADDRESS: 0x1F1 ---- SIZE       1 ---
Name of initialized Object : play_state:18
 80
------- ROM-ADDRESS: 0x9363 ---- SIZE       2 ---
Filling bytes inserted
 0000

*********************************************************************************************
OBJECT-DEPENDENCIES SECTION
---------------------------------------------------------------------------------------------
edvard_grieg_hall_of_mountain_king USES 
                                edvard_grieg_hall_of_mountain_king_notes 
Init                      USES _startupData loadByte 
_Startup                  USES __SEG_END_SSTACK Init main 
vprintf                   USES _out vprintf _Search_Table_8_Offset 
                                _IMUL_STAR08 _Jump_Table_Addr _Search_Table_8_Addr pbuf 
                                _SEXT16_32 _POP32 _LNEG pow8 _LCMP pow16 pow10 _COPY 
                                _LSUB 
_out                      USES pbuf 
deposit_char              USES pbuf 
sprintf                   USES pbuf deposit_char vprintf 
_ENTER_BINARY_L           USES _PUSH_ARGS_L 
_ENTER_BINARY_L_RC        USES _PUSH_ARGS_L 
_LMUL_k_is_k_mul_j        USES _k_is_k_plus_j_l _k_is_k_plus_j_i 
_LDIVU_k_is_k_div_j       USES _LDIVMOD 
_LINC                     USES _ENTER_UNARY_L 
_LNEG                     USES _ENTER_UNARY_L 
_LSUB                     USES _ENTER_BINARY_L _LSUB_k_is_k_minus_j 
_LMUL                     USES _ENTER_BINARY_L _LMUL_k_is_k_mul_j 
_LDIVU_RC                 USES _ENTER_BINARY_L_RC _LDIVU_k_is_k_div_j 
_LLSR                     USES _ENTER_UNARY_L 
_LCMP                     USES _ENTER_BINARY_L _LCMP_k_rel_j 
_LCMP_RC                  USES _ENTER_BINARY_L_RC _LCMP_k_rel_j 
MCU_init                  USES _SOPT1 _SOPT2 _SPMSC1 _SPMSC2 _MCGTRM _MCGSC 
                                _MCGC2 _MCGC1 _MCGC3 _PTADS _PTADD _RTCSC _PTEDD 
                                _PTGDD _PTDDD _SRS 
isrVrtc                   USES tick 
lcd_init_ports            USES _PTEDD 
lcd_set_rs                USES _PTED 
lcd_set_re                USES _PTED 
lcd_send_data             USES flip_nibble lcd_set_re lcd_delay _PTED 
lcd_command               USES lcd_set_rs lcd_send_data 
lcd_reset                 USES lcd_set_rs lcd_set_re delay lcd_command 
lcd_delay                 USES delay 
lcd_putchar               USES lcd_set_rs lcd_send_data 
lcd_printf                USES lcd_putchar 
lcd_clear                 USES lcd_command 
lcd_goto                  USES _IMUL_STAR08 lcd_command 
kbd_init_ports            USES _PTBDD _PTBPE _PTBD 
set_row__FUc              USES _PTBD 
column_has_pressed_key__FUc USES _ILSR _PTBD 
raw_scan_keyboard__Fv     USES set_row__FUc column_has_pressed_key__FUc 
scan_keyboard             USES raw_scan_keyboard__Fv last_detected_key.1 
password_set_key          USES password_state strlen _LCMP_RC 
password_process_key      USES password_state _LINC _POP32 memcmp 
delay                     USES __now _ILSL _SRS _LSUB _LCMP 
tick                      USES __now _LINC _POP32 _RTCSC 
get_current_time          USES __now _COPY 
setup__Fv                 USES _PTDDD _PTDDS _PTDD STRING.1234.1 
                                password_set_key kbd_init_ports lcd_init_ports music_init_ports 
                                lcd_reset edvard_grieg_hall_of_mountain_king 
                                music_set_song print_banner__Fv 
print_banner__Fv          USES lcd_clear lcd_goto STRING.Ingrese.clave..2 
                                lcd_printf 
loop__Fv                  USES scan_keyboard music_tick lock_state 
                                password_process_key _Jump_Table_Header_Offset STRING...3 
                                lcd_printf lcd_clear loop__Fv STRING.Acceso.OK.4 
                                open_lock__Fv try_count lcd_goto STRING.Error..........5 
                                STRING..i.intentos.6 buf sprintf start_alarm__Fv delay 
                                print_banner__Fv alarm__Fv 
start_alarm__Fv           USES last_alarm_toggle get_current_time music_play 
alarm__Fv                 USES get_current_time last_alarm_toggle _LSUB 
                                _LCMP_RC _PTDD 
open_lock__Fv             USES _PTDD 
main                      USES MCU_init setup__Fv _SRS loop__Fv 
music_init_ports          USES _PTADD _PTAD 
toggle_speaker            USES _PTAD 
turn_off_speaker          USES _PTAD 
music_play                USES play_state music_stop 
music_stop                USES play_state turn_off_speaker 
music_set_song            USES music_stop play_state 
music_tick                USES get_current_time play_state music_tick _LSUB 
                                _LCMP _SEXT16_32 music_stop scale_note_duration 
                                _COPY turn_off_speaker toggle_speaker 
scale_note_duration       USES _SEXT16_32 _LMUL _LLSR _POP32 _LDIVU_RC 
_vect                     USES isrVrtc _Startup 

*********************************************************************************************
DEPENDENCY TREE
*********************************************************************************************
 main and _Startup Group
 | 
 +- main                
 |  | 
 |  +- MCU_init            
 |  |    
 |  +- setup__Fv           
 |  |  | 
 |  |  +- password_set_key    
 |  |  |  | 
 |  |  |  +- strlen              
 |  |  |  |    
 |  |  |  +- _LCMP_RC            
 |  |  |     | 
 |  |  |     +- _ENTER_BINARY_L_RC  
 |  |  |     |  | 
 |  |  |     |  +- _PUSH_ARGS_L        
 |  |  |     |       
 |  |  |     +- _LCMP_k_rel_j       
 |  |  |          
 |  |  +- kbd_init_ports      
 |  |  |    
 |  |  +- lcd_init_ports      
 |  |  |    
 |  |  +- music_init_ports    
 |  |  |    
 |  |  +- lcd_reset           
 |  |  |  | 
 |  |  |  +- lcd_set_rs          
 |  |  |  |    
 |  |  |  +- lcd_set_re          
 |  |  |  |    
 |  |  |  +- delay               
 |  |  |  |  | 
 |  |  |  |  +- _ILSL               
 |  |  |  |  |    
 |  |  |  |  +- _LSUB               
 |  |  |  |  |  | 
 |  |  |  |  |  +- _ENTER_BINARY_L     
 |  |  |  |  |  |  | 
 |  |  |  |  |  |  +- _PUSH_ARGS_L         (see above)
 |  |  |  |  |  |     
 |  |  |  |  |  +- _LSUB_k_is_k_minus_j
 |  |  |  |  |       
 |  |  |  |  +- _LCMP               
 |  |  |  |     | 
 |  |  |  |     +- _ENTER_BINARY_L      (see above)
 |  |  |  |     |  
 |  |  |  |     +- _LCMP_k_rel_j        (see above)
 |  |  |  |        
 |  |  |  +- lcd_command         
 |  |  |     | 
 |  |  |     +- lcd_set_rs           (see above)
 |  |  |     |  
 |  |  |     +- lcd_send_data       
 |  |  |        | 
 |  |  |        +- flip_nibble         
 |  |  |        |    
 |  |  |        +- lcd_set_re           (see above)
 |  |  |        |  
 |  |  |        +- lcd_delay           
 |  |  |           | 
 |  |  |           +- delay                (see above)
 |  |  |              
 |  |  +- music_set_song      
 |  |  |  | 
 |  |  |  +- music_stop          
 |  |  |     | 
 |  |  |     +- turn_off_speaker    
 |  |  |          
 |  |  +- print_banner__Fv    
 |  |     | 
 |  |     +- lcd_clear           
 |  |     |  | 
 |  |     |  +- lcd_command          (see above)
 |  |     |     
 |  |     +- lcd_goto            
 |  |     |  | 
 |  |     |  +- _IMUL_STAR08        
 |  |     |  |    
 |  |     |  +- lcd_command          (see above)
 |  |     |     
 |  |     +- lcd_printf          
 |  |        | 
 |  |        +- lcd_putchar         
 |  |           | 
 |  |           +- lcd_set_rs           (see above)
 |  |           |  
 |  |           +- lcd_send_data        (see above)
 |  |              
 |  +- loop__Fv            
 |     | 
 |     +- scan_keyboard       
 |     |  | 
 |     |  +- raw_scan_keyboard__Fv
 |     |     | 
 |     |     +- set_row__FUc        
 |     |     |    
 |     |     +- column_has_pressed_key__FUc
 |     |        | 
 |     |        +- _ILSR               
 |     |             
 |     +- music_tick          
 |     |  | 
 |     |  +- get_current_time    
 |     |  |  | 
 |     |  |  +- _COPY               
 |     |  |       
 |     |  +- _LSUB                (see above)
 |     |  |  
 |     |  +- _LCMP                (see above)
 |     |  |  
 |     |  +- _SEXT16_32          
 |     |  |    
 |     |  +- music_stop           (see above)
 |     |  |  
 |     |  +- scale_note_duration 
 |     |  |  | 
 |     |  |  +- _SEXT16_32           (see above)
 |     |  |  |  
 |     |  |  +- _LMUL               
 |     |  |  |  | 
 |     |  |  |  +- _ENTER_BINARY_L      (see above)
 |     |  |  |  |  
 |     |  |  |  +- _LMUL_k_is_k_mul_j  
 |     |  |  |     | 
 |     |  |  |     +- _k_is_k_plus_j_l    
 |     |  |  |     |    
 |     |  |  |     +- _k_is_k_plus_j_i    
 |     |  |  |          
 |     |  |  +- _LLSR               
 |     |  |  |  | 
 |     |  |  |  +- _ENTER_UNARY_L      
 |     |  |  |       
 |     |  |  +- _POP32              
 |     |  |  |    
 |     |  |  +- _LDIVU_RC           
 |     |  |     | 
 |     |  |     +- _ENTER_BINARY_L_RC   (see above)
 |     |  |     |  
 |     |  |     +- _LDIVU_k_is_k_div_j 
 |     |  |        | 
 |     |  |        +- _LDIVMOD            
 |     |  |             
 |     |  +- _COPY                (see above)
 |     |  |  
 |     |  +- turn_off_speaker     (see above)
 |     |  |  
 |     |  +- toggle_speaker      
 |     |       
 |     +- password_process_key
 |     |  | 
 |     |  +- _LINC               
 |     |  |  | 
 |     |  |  +- _ENTER_UNARY_L       (see above)
 |     |  |     
 |     |  +- _POP32               (see above)
 |     |  |  
 |     |  +- memcmp              
 |     |       
 |     +- _Jump_Table_Header_Offset
 |     |    
 |     +- lcd_printf           (see above)
 |     |  
 |     +- lcd_clear            (see above)
 |     |  
 |     +- open_lock__Fv       
 |     |    
 |     +- lcd_goto             (see above)
 |     |  
 |     +- sprintf             
 |     |  | 
 |     |  +- deposit_char        
 |     |  |    
 |     |  +- vprintf             
 |     |     | 
 |     |     +- _out                
 |     |     |    
 |     |     +- _Search_Table_8_Offset
 |     |     |    
 |     |     +- _IMUL_STAR08         (see above)
 |     |     |  
 |     |     +- _Jump_Table_Addr    
 |     |     |    
 |     |     +- _Search_Table_8_Addr
 |     |     |    
 |     |     +- _SEXT16_32           (see above)
 |     |     |  
 |     |     +- _POP32               (see above)
 |     |     |  
 |     |     +- _LNEG               
 |     |     |  | 
 |     |     |  +- _ENTER_UNARY_L       (see above)
 |     |     |     
 |     |     +- _LCMP                (see above)
 |     |     |  
 |     |     +- _COPY                (see above)
 |     |     |  
 |     |     +- _LSUB                (see above)
 |     |        
 |     +- start_alarm__Fv     
 |     |  | 
 |     |  +- get_current_time     (see above)
 |     |  |  
 |     |  +- music_play          
 |     |     | 
 |     |     +- music_stop           (see above)
 |     |        
 |     +- delay                (see above)
 |     |  
 |     +- print_banner__Fv     (see above)
 |     |  
 |     +- alarm__Fv           
 |        | 
 |        +- get_current_time     (see above)
 |        |  
 |        +- _LSUB                (see above)
 |        |  
 |        +- _LCMP_RC             (see above)
 |           
 +- _Startup            
    | 
    +- Init                
    |  | 
    |  +- loadByte            
    |       
    +- main                 (see above)
       
 _vect               
 | 
 +- isrVrtc             
 |  | 
 |  +- tick                
 |     | 
 |     +- _LINC                (see above)
 |     |  
 |     +- _POP32               (see above)
 |        
 +- _Startup             (see above)
    
*********************************************************************************************
STATISTIC SECTION
---------------------------------------------------------------------------------------------

ExeFile:
--------
Number of blocks to be downloaded: 6
Total size of all blocks to be downloaded: 5027

